// Jest Snapshot v1, https://goo.gl/fbAQLP

exports[`CorrectIcon should match snapshot 1`] = `
<RNSVGSvgView
  align="xMidYMid"
  bbHeight={25}
  bbWidth={25}
  focusable={false}
  height={25}
  meetOrSlice={0}
  minX={0}
  minY={0}
  style={
    Array [
      Object {
        "backgroundColor": "transparent",
        "borderWidth": 0,
      },
      Object {
        "flex": 0,
        "height": 25,
        "width": 25,
      },
    ]
  }
  vbHeight={442.533}
  vbWidth={442.533}
  width={25}
>
  <RNSVGGroup>
    <RNSVGPath
      d="M434.539 98.499l-38.828-38.828c-5.324-5.328-11.799-7.993-19.41-7.993-7.618 0-14.093 2.665-19.417 7.993L169.59 247.248l-83.939-84.225c-5.33-5.33-11.801-7.992-19.412-7.992-7.616 0-14.087 2.662-19.417 7.992L7.994 201.852C2.664 207.181 0 213.654 0 221.269c0 7.609 2.664 14.088 7.994 19.416l103.351 103.349 38.831 38.828c5.327 5.332 11.8 7.994 19.414 7.994 7.611 0 14.084-2.669 19.414-7.994l38.83-38.828L434.539 137.33c5.325-5.33 7.994-11.802 7.994-19.417.004-7.611-2.669-14.084-7.994-19.414z"
      fill={4294967295}
      propList={
        Array [
          "fill",
        ]
      }
    />
  </RNSVGGroup>
</RNSVGSvgView>
`;
