// Jest Snapshot v1, https://goo.gl/fbAQLP

exports[`PlusIcon should match snapshot 1`] = `
<RNSVGSvgView
  align="xMidYMid"
  bbHeight={56}
  bbWidth={56}
  focusable={false}
  height={56}
  meetOrSlice={0}
  minX={0}
  minY={0}
  style={
    Array [
      Object {
        "backgroundColor": "transparent",
        "borderWidth": 0,
      },
      Object {
        "flex": 0,
        "height": 56,
        "width": 56,
      },
    ]
  }
  testID="plus-icon"
  vbHeight={510}
  vbWidth={510}
  width={56}
>
  <RNSVGGroup>
    <RNSVGPath
      d="M280.5 127.5h-51v102h-102v51h102v102h51v-102h102v-51h-102v-102zM255 0C114.75 0 0 114.75 0 255s114.75 255 255 255 255-114.75 255-255S395.25 0 255 0zm0 459c-112.2 0-204-91.8-204-204S142.8 51 255 51s204 91.8 204 204-91.8 204-204 204z"
      fill={4294967295}
      propList={
        Array [
          "fill",
        ]
      }
    />
  </RNSVGGroup>
</RNSVGSvgView>
`;
