// Jest Snapshot v1, https://goo.gl/fbAQLP

exports[`TopicIcon should match snapshot 1`] = `
<RNSVGSvgView
  align="xMidYMid"
  bbHeight={28}
  bbWidth={28}
  fill="#fff"
  focusable={false}
  height={28}
  meetOrSlice={0}
  minX={0}
  minY={0}
  style={
    Array [
      Object {
        "backgroundColor": "transparent",
        "borderWidth": 0,
      },
      Object {
        "flex": 0,
        "height": 28,
        "width": 28,
      },
    ]
  }
  vbHeight={24}
  vbWidth={24}
  width={28}
>
  <RNSVGGroup
    fill={4294967295}
    propList={
      Array [
        "fill",
      ]
    }
  >
    <RNSVGPath
      d="M0 0h24v24H0z"
      fill={null}
      propList={
        Array [
          "fill",
        ]
      }
    />
    <RNSVGPath
      d="M4 6H2v14c0 1.1.9 2 2 2h14v-2H4V6zm16-4H8c-1.1 0-2 .9-2 2v12c0 1.1.9 2 2 2h12c1.1 0 2-.9 2-2V4c0-1.1-.9-2-2-2zm-1 9H9V9h10v2zm-4 4H9v-2h6v2zm4-8H9V5h10v2z"
    />
  </RNSVGGroup>
</RNSVGSvgView>
`;
